<html>
<body>
<pre>
<h1>µVision Build Log</h1>
<h2>Tool Versions:</h2>
IDE-Version: ¦ÌVision V5.29.0.0
Copyright (C) 2019 ARM Ltd and ARM Germany GmbH. All rights reserved.
License Information: 123 2456403, HP Inc., LIC=CZLZX-H0BUU-EVU1R-KPGXV-0UQXA-8B4DK
 
Tool Versions:
Toolchain:       MDK-ARM Plus  Version: 5.29.0.0
Toolchain Path:  D:\ARM\ARM\ARMCC\Bin
C Compiler:      Armcc.exe V5.06 update 6 (build 750)
Assembler:       Armasm.exe V5.06 update 6 (build 750)
Linker/Locator:  ArmLink.exe V5.06 update 6 (build 750)
Library Manager: ArmAr.exe V5.06 update 6 (build 750)
Hex Converter:   FromElf.exe V5.06 update 6 (build 750)
CPU DLL:         SARMCM3.DLL V5.29.0.0
Dialog DLL:      DCM.DLL V1.17.3.0
Target DLL:      CMSIS_AGDI.dll V1.32.0.0
Dialog DLL:      TCM.DLL V1.36.5.0
 
<h2>Project:</h2>
C:\Users\24564\Desktop\H7_Proj\MDK-ARM\H7_Proj.uvprojx
Project File Date:  02/19/2021

<h2>Output:</h2>
*** Using Compiler 'V5.06 update 6 (build 750)', folder: 'D:\ARM\ARM\ARMCC\Bin'
Rebuild target 'H7_Proj'
assembling startup_stm32h750xx.s...
compiling gpio.c...
compiling rtc.c...
compiling spi.c...
compiling debug.c...
compiling sdmmc.c...
compiling tim.c...
compiling main.c...
compiling usart.c...
compiling stm32h7xx_hal_msp.c...
compiling usb_device.c...
compiling usbd_desc.c...
compiling usbd_storage_if.c...
compiling stm32h7xx_it.c...
compiling usbd_conf.c...
compiling stm32h7xx_hal_pcd_ex.c...
compiling stm32h7xx_hal_pcd.c...
compiling stm32h7xx_hal_flash.c...
compiling stm32h7xx_hal_rcc.c...
compiling stm32h7xx_ll_usb.c...
compiling stm32h7xx_hal_flash_ex.c...
compiling stm32h7xx_hal_rcc_ex.c...
compiling stm32h7xx_hal_gpio.c...
compiling stm32h7xx_hal_hsem.c...
compiling stm32h7xx_hal_pwr.c...
compiling stm32h7xx_hal_dma_ex.c...
compiling stm32h7xx_hal_mdma.c...
compiling stm32h7xx_hal_pwr_ex.c...
compiling stm32h7xx_hal_cortex.c...
compiling stm32h7xx_hal.c...
compiling stm32h7xx_hal_dma.c...
compiling stm32h7xx_hal_i2c_ex.c...
compiling stm32h7xx_hal_exti.c...
compiling stm32h7xx_hal_rtc.c...
compiling stm32h7xx_ll_delayblock.c...
compiling stm32h7xx_hal_rtc_ex.c...
compiling stm32h7xx_ll_sdmmc.c...
compiling stm32h7xx_hal_i2c.c...
compiling stm32h7xx_hal_sd_ex.c...
compiling stm32h7xx_hal_sd.c...
compiling stm32h7xx_hal_spi_ex.c...
compiling stm32h7xx_hal_spi.c...
compiling stm32h7xx_hal_uart_ex.c...
compiling stm32h7xx_hal_tim_ex.c...
compiling system_stm32h7xx.c...
compiling stm32h7xx_hal_uart.c...
compiling usbd_core.c...
compiling stm32h7xx_hal_tim.c...
compiling usbd_ctlreq.c...
compiling usbd_ioreq.c...
compiling usbd_msc.c...
compiling usbd_msc_data.c...
compiling st7735_reg.c...
compiling usbd_msc_bot.c...
compiling st7735.c...
compiling usbd_msc_scsi.c...
compiling lcd.c...
compiling lv_disp.c...
compiling lv_group.c...
compiling w25qxx.c...
compiling lv_indev.c...
compiling lv_draw_arc.c...
compiling lv_refr.c...
compiling lv_style.c...
compiling lv_draw_blend.c...
compiling lv_draw_img.c...
compiling lv_draw_line.c...
compiling lv_draw_triangle.c...
compiling lv_draw_label.c...
compiling lv_draw_mask.c...
compiling lv_obj.c...
compiling lv_img_cache.c...
compiling lv_img_buf.c...
compiling lv_font.c...
compiling lv_img_decoder.c...
compiling lv_draw_rect.c...
compiling lv_font_dejavu_16_persian_hebrew.c...
compiling lv_font_fmt_txt.c...
compiling lv_font_montserrat_8.c...
compiling lv_font_montserrat_10.c...
compiling lv_font_loader.c...
compiling lv_font_montserrat_14.c...
compiling lv_font_montserrat_12_subpx.c...
compiling lv_font_montserrat_12.c...
compiling lv_font_montserrat_16.c...
compiling lv_font_montserrat_18.c...
compiling lv_font_montserrat_20.c...
compiling lv_font_montserrat_22.c...
compiling lv_font_montserrat_24.c...
compiling lv_font_montserrat_26.c...
compiling lv_font_montserrat_28_compressed.c...
compiling lv_font_montserrat_28.c...
compiling lv_font_montserrat_30.c...
compiling lv_font_montserrat_32.c...
compiling lv_font_montserrat_34.c...
compiling lv_font_montserrat_36.c...
compiling lv_font_montserrat_38.c...
compiling lv_font_montserrat_40.c...
compiling lv_font_montserrat_42.c...
compiling lv_font_montserrat_44.c...
compiling lv_font_montserrat_46.c...
compiling lv_font_montserrat_48.c...
compiling lv_gpu_nxp_pxp.c...
compiling lv_font_simsun_16_cjk.c...
compiling lv_gpu_nxp_pxp_osa.c...
compiling lv_font_unscii_8.c...
compiling lv_gpu_nxp_vglite.c...
compiling lv_font_unscii_16.c...
compiling lv_gpu_stm32_dma2d.c...
compiling lv_hal_tick.c...
compiling lv_hal_indev.c...
compiling lv_async.c...
compiling lv_hal_disp.c...
compiling lv_bidi.c...
compiling lv_anim.c...
compiling lv_area.c...
compiling lv_debug.c...
compiling lv_color.c...
compiling lv_gc.c...
compiling lv_log.c...
compiling lv_math.c...
compiling lv_ll.c...
compiling lv_fs.c...
compiling lv_templ.c...
compiling lv_mem.c...
compiling lv_task.c...
compiling lv_utils.c...
compiling lv_txt_ap.c...
compiling lv_printf.c...
compiling lv_txt.c...
compiling lv_theme.c...
compiling lv_theme_empty.c...
compiling lv_theme_template.c...
compiling lv_arc.c...
compiling lv_bar.c...
compiling lv_btn.c...
compiling lv_theme_mono.c...
compiling lv_btnmatrix.c...
compiling lv_checkbox.c...
compiling lv_calendar.c...
compiling lv_theme_material.c...
compiling lv_cont.c...
compiling lv_canvas.c...
compiling lv_chart.c...
compiling lv_cpicker.c...
compiling lv_gauge.c...
compiling lv_keyboard.c...
compiling lv_dropdown.c...
compiling lv_imgbtn.c...
compiling lv_img.c...
compiling lv_led.c...
compiling lv_line.c...
compiling lv_label.c...
compiling lv_objx_templ.c...
compiling lv_objmask.c...
compiling lv_msgbox.c...
compiling lv_linemeter.c...
compiling lv_list.c...
compiling lv_spinner.c...
compiling lv_slider.c...
compiling lv_switch.c...
compiling lv_page.c...
compiling lv_spinbox.c...
compiling lv_roller.c...
compiling lv_table.c...
compiling lv_tileview.c...
compiling lv_tabview.c...
compiling lv_port_fs_template.c...
compiling lv_win.c...
compiling lv_textarea.c...
compiling color.c...
compiling image_scen.c...
compiling CSGO.c...
compiling lv_port_disp_template.c...
compiling lv_port_indev_template.c...
compiling my_Font1.c...
compiling ffsystem.c...
compiling lv_demo_benchmark.c...
compiling fatfs-demo.c...
compiling diskio.c...
compiling ffunicode.c...
compiling ff.c...
compiling myFont.c...
linking...
Program Size: Code=138390 RO-data=241370 RW-data=844 ZI-data=167492  
".\H7_Proj.axf" - 0 Error(s), 0 Warning(s).

<h2>Software Packages used:</h2>

Package Vendor: ARM
                http://www.keil.com/pack/ARM.CMSIS.5.7.0.pack
                ARM.CMSIS.5.7.0
                CMSIS (Cortex Microcontroller Software Interface Standard)
   * Component: CORE Version: 5.4.0

Package Vendor: Keil
                https://www.keil.com/pack/Keil.STM32H7xx_DFP.2.7.0.pack
                Keil.STM32H7xx_DFP.2.7.0
                STMicroelectronics STM32H7 Series Device Support and Examples

<h2>Collection of Component include folders:</h2>
  .\RTE\_H7_Proj
  D:\ARM\pack\ARM\CMSIS\5.7.0\CMSIS\Core\Include
  D:\ARM\pack\Keil\STM32H7xx_DFP\2.7.0\Drivers\CMSIS\Device\ST\STM32H7xx\Include

<h2>Collection of Component Files used:</h2>

   * Component: ARM::CMSIS:CORE:5.4.0
Build Time Elapsed:  00:00:22
</pre>
</body>
</html>
